#! /c/Source/iverilog-install/bin/vvp
:ivl_version "12.0 (devel)" "(s20150603-1539-g2693dd32b)";
:ivl_delay_selection "TYPICAL";
:vpi_time_precision - 12;
:vpi_module "C:\iverilog\lib\ivl\system.vpi";
:vpi_module "C:\iverilog\lib\ivl\vhdl_sys.vpi";
:vpi_module "C:\iverilog\lib\ivl\vhdl_textio.vpi";
:vpi_module "C:\iverilog\lib\ivl\v2005_math.vpi";
:vpi_module "C:\iverilog\lib\ivl\va_math.vpi";
S_000001391fc23e60 .scope module, "control_unit_tb" "control_unit_tb" 2 3;
 .timescale -9 -12;
v000001391fc99050_0 .net "a_sel", 0 0, v000001391fbd7130_0;  1 drivers
v000001391fc98e70_0 .net "alu_sel", 3 0, v000001391fbd6d60_0;  1 drivers
v000001391fc98dd0_0 .net "b_sel", 0 0, v000001391fc1e9b0_0;  1 drivers
v000001391fc98b50_0 .var "br_eq", 0 0;
v000001391fc99230_0 .var "br_lt", 0 0;
v000001391fc99190_0 .net "br_un", 0 0, v000001391fc203c0_0;  1 drivers
v000001391fc98d30_0 .net "imm_sel", 2 0, v000001391fc205a0_0;  1 drivers
v000001391fc98f10_0 .var "instr", 31 0;
v000001391fc99550_0 .net "mem_rw", 0 0, v000001391fc206e0_0;  1 drivers
v000001391fc98c90_0 .net "pc_sel", 0 0, v000001391fc994b0_0;  1 drivers
v000001391fc990f0_0 .net "reg_wen", 0 0, v000001391fc98bf0_0;  1 drivers
v000001391fc98fb0_0 .net "wb_sel", 1 0, v000001391fc999b0_0;  1 drivers
S_000001391fc23ff0 .scope module, "dut" "control_unit" 2 19, 3 1 0, S_000001391fc23e60;
 .timescale 0 0;
    .port_info 0 /INPUT 32 "instr";
    .port_info 1 /INPUT 1 "br_eq";
    .port_info 2 /INPUT 1 "br_lt";
    .port_info 3 /OUTPUT 1 "pc_sel";
    .port_info 4 /OUTPUT 3 "imm_sel";
    .port_info 5 /OUTPUT 1 "reg_wen";
    .port_info 6 /OUTPUT 1 "br_un";
    .port_info 7 /OUTPUT 1 "b_sel";
    .port_info 8 /OUTPUT 1 "a_sel";
    .port_info 9 /OUTPUT 4 "alu_sel";
    .port_info 10 /OUTPUT 1 "mem_rw";
    .port_info 11 /OUTPUT 2 "wb_sel";
P_000001391fc37010 .param/l "ALU_ADD" 1 3 30, C4<0000>;
P_000001391fc37048 .param/l "ALU_AND" 1 3 32, C4<0010>;
P_000001391fc37080 .param/l "ALU_OR" 1 3 33, C4<0011>;
P_000001391fc370b8 .param/l "ALU_SLL" 1 3 37, C4<0111>;
P_000001391fc370f0 .param/l "ALU_SLT" 1 3 35, C4<0101>;
P_000001391fc37128 .param/l "ALU_SLTU" 1 3 36, C4<0110>;
P_000001391fc37160 .param/l "ALU_SRA" 1 3 39, C4<1001>;
P_000001391fc37198 .param/l "ALU_SRL" 1 3 38, C4<1000>;
P_000001391fc371d0 .param/l "ALU_SUB" 1 3 31, C4<0001>;
P_000001391fc37208 .param/l "ALU_XOR" 1 3 34, C4<0100>;
P_000001391fc37240 .param/l "IMM_B" 1 3 25, C4<010>;
P_000001391fc37278 .param/l "IMM_I" 1 3 23, C4<000>;
P_000001391fc372b0 .param/l "IMM_J" 1 3 27, C4<100>;
P_000001391fc372e8 .param/l "IMM_S" 1 3 24, C4<001>;
P_000001391fc37320 .param/l "IMM_U" 1 3 26, C4<011>;
P_000001391fc37358 .param/l "WB_ALU" 1 3 43, C4<01>;
P_000001391fc37390 .param/l "WB_MEM" 1 3 42, C4<00>;
P_000001391fc373c8 .param/l "WB_PC4" 1 3 44, C4<10>;
v000001391fbd7130_0 .var "a_sel", 0 0;
v000001391fbd6d60_0 .var "alu_sel", 3 0;
v000001391fc1e9b0_0 .var "b_sel", 0 0;
v000001391fc1ea50_0 .net "br_eq", 0 0, v000001391fc98b50_0;  1 drivers
v000001391fc20320_0 .net "br_lt", 0 0, v000001391fc99230_0;  1 drivers
v000001391fc203c0_0 .var "br_un", 0 0;
v000001391fc20460_0 .net "funct3", 2 0, L_000001391fc992d0;  1 drivers
v000001391fc20500_0 .net "funct7", 6 0, L_000001391fc99410;  1 drivers
v000001391fc205a0_0 .var "imm_sel", 2 0;
v000001391fc20640_0 .net "instr", 31 0, v000001391fc98f10_0;  1 drivers
v000001391fc206e0_0 .var "mem_rw", 0 0;
v000001391fc20780_0 .net "opcode", 6 0, L_000001391fc99370;  1 drivers
v000001391fc994b0_0 .var "pc_sel", 0 0;
v000001391fc98bf0_0 .var "reg_wen", 0 0;
v000001391fc999b0_0 .var "wb_sel", 1 0;
E_000001391fc429b0/0 .event anyedge, v000001391fc20780_0, v000001391fc20460_0, v000001391fc20500_0, v000001391fc1ea50_0;
E_000001391fc429b0/1 .event anyedge, v000001391fc20320_0;
E_000001391fc429b0 .event/or E_000001391fc429b0/0, E_000001391fc429b0/1;
L_000001391fc99370 .part v000001391fc98f10_0, 0, 7;
L_000001391fc992d0 .part v000001391fc98f10_0, 12, 3;
L_000001391fc99410 .part v000001391fc98f10_0, 25, 7;
    .scope S_000001391fc23ff0;
T_0 ;
    %wait E_000001391fc429b0;
    %pushi/vec4 0, 0, 1;
    %store/vec4 v000001391fc994b0_0, 0, 1;
    %pushi/vec4 0, 0, 3;
    %store/vec4 v000001391fc205a0_0, 0, 3;
    %pushi/vec4 0, 0, 1;
    %store/vec4 v000001391fc98bf0_0, 0, 1;
    %pushi/vec4 0, 0, 1;
    %store/vec4 v000001391fc203c0_0, 0, 1;
    %pushi/vec4 0, 0, 1;
    %store/vec4 v000001391fc1e9b0_0, 0, 1;
    %pushi/vec4 0, 0, 1;
    %store/vec4 v000001391fbd7130_0, 0, 1;
    %pushi/vec4 0, 0, 4;
    %store/vec4 v000001391fbd6d60_0, 0, 4;
    %pushi/vec4 0, 0, 1;
    %store/vec4 v000001391fc206e0_0, 0, 1;
    %pushi/vec4 1, 0, 2;
    %store/vec4 v000001391fc999b0_0, 0, 2;
    %load/vec4 v000001391fc20780_0;
    %dup/vec4;
    %pushi/vec4 51, 0, 7;
    %cmp/u;
    %jmp/1 T_0.0, 6;
    %dup/vec4;
    %pushi/vec4 19, 0, 7;
    %cmp/u;
    %jmp/1 T_0.1, 6;
    %dup/vec4;
    %pushi/vec4 3, 0, 7;
    %cmp/u;
    %jmp/1 T_0.2, 6;
    %dup/vec4;
    %pushi/vec4 35, 0, 7;
    %cmp/u;
    %jmp/1 T_0.3, 6;
    %dup/vec4;
    %pushi/vec4 99, 0, 7;
    %cmp/u;
    %jmp/1 T_0.4, 6;
    %dup/vec4;
    %pushi/vec4 111, 0, 7;
    %cmp/u;
    %jmp/1 T_0.5, 6;
    %dup/vec4;
    %pushi/vec4 103, 0, 7;
    %cmp/u;
    %jmp/1 T_0.6, 6;
    %dup/vec4;
    %pushi/vec4 55, 0, 7;
    %cmp/u;
    %jmp/1 T_0.7, 6;
    %dup/vec4;
    %pushi/vec4 23, 0, 7;
    %cmp/u;
    %jmp/1 T_0.8, 6;
    %jmp T_0.9;
T_0.0 ;
    %pushi/vec4 1, 0, 1;
    %store/vec4 v000001391fc98bf0_0, 0, 1;
    %pushi/vec4 0, 0, 1;
    %store/vec4 v000001391fbd7130_0, 0, 1;
    %pushi/vec4 0, 0, 1;
    %store/vec4 v000001391fc1e9b0_0, 0, 1;
    %pushi/vec4 1, 0, 2;
    %store/vec4 v000001391fc999b0_0, 0, 2;
    %load/vec4 v000001391fc20460_0;
    %dup/vec4;
    %pushi/vec4 0, 0, 3;
    %cmp/u;
    %jmp/1 T_0.10, 6;
    %dup/vec4;
    %pushi/vec4 7, 0, 3;
    %cmp/u;
    %jmp/1 T_0.11, 6;
    %dup/vec4;
    %pushi/vec4 6, 0, 3;
    %cmp/u;
    %jmp/1 T_0.12, 6;
    %dup/vec4;
    %pushi/vec4 4, 0, 3;
    %cmp/u;
    %jmp/1 T_0.13, 6;
    %dup/vec4;
    %pushi/vec4 2, 0, 3;
    %cmp/u;
    %jmp/1 T_0.14, 6;
    %dup/vec4;
    %pushi/vec4 3, 0, 3;
    %cmp/u;
    %jmp/1 T_0.15, 6;
    %dup/vec4;
    %pushi/vec4 1, 0, 3;
    %cmp/u;
    %jmp/1 T_0.16, 6;
    %dup/vec4;
    %pushi/vec4 5, 0, 3;
    %cmp/u;
    %jmp/1 T_0.17, 6;
    %jmp T_0.18;
T_0.10 ;
    %load/vec4 v000001391fc20500_0;
    %cmpi/e 32, 0, 7;
    %flag_mov 8, 4;
    %jmp/0 T_0.19, 8;
    %pushi/vec4 1, 0, 4;
    %jmp/1 T_0.20, 8;
T_0.19 ; End of true expr.
    %pushi/vec4 0, 0, 4;
    %jmp/0 T_0.20, 8;
 ; End of false expr.
    %blend;
T_0.20;
    %store/vec4 v000001391fbd6d60_0, 0, 4;
    %jmp T_0.18;
T_0.11 ;
    %pushi/vec4 2, 0, 4;
    %store/vec4 v000001391fbd6d60_0, 0, 4;
    %jmp T_0.18;
T_0.12 ;
    %pushi/vec4 3, 0, 4;
    %store/vec4 v000001391fbd6d60_0, 0, 4;
    %jmp T_0.18;
T_0.13 ;
    %pushi/vec4 4, 0, 4;
    %store/vec4 v000001391fbd6d60_0, 0, 4;
    %jmp T_0.18;
T_0.14 ;
    %pushi/vec4 5, 0, 4;
    %store/vec4 v000001391fbd6d60_0, 0, 4;
    %jmp T_0.18;
T_0.15 ;
    %pushi/vec4 6, 0, 4;
    %store/vec4 v000001391fbd6d60_0, 0, 4;
    %jmp T_0.18;
T_0.16 ;
    %pushi/vec4 7, 0, 4;
    %store/vec4 v000001391fbd6d60_0, 0, 4;
    %jmp T_0.18;
T_0.17 ;
    %load/vec4 v000001391fc20500_0;
    %cmpi/e 32, 0, 7;
    %flag_mov 8, 4;
    %jmp/0 T_0.21, 8;
    %pushi/vec4 9, 0, 4;
    %jmp/1 T_0.22, 8;
T_0.21 ; End of true expr.
    %pushi/vec4 8, 0, 4;
    %jmp/0 T_0.22, 8;
 ; End of false expr.
    %blend;
T_0.22;
    %store/vec4 v000001391fbd6d60_0, 0, 4;
    %jmp T_0.18;
T_0.18 ;
    %pop/vec4 1;
    %jmp T_0.9;
T_0.1 ;
    %pushi/vec4 1, 0, 1;
    %store/vec4 v000001391fc98bf0_0, 0, 1;
    %pushi/vec4 0, 0, 3;
    %store/vec4 v000001391fc205a0_0, 0, 3;
    %pushi/vec4 0, 0, 1;
    %store/vec4 v000001391fbd7130_0, 0, 1;
    %pushi/vec4 1, 0, 1;
    %store/vec4 v000001391fc1e9b0_0, 0, 1;
    %pushi/vec4 1, 0, 2;
    %store/vec4 v000001391fc999b0_0, 0, 2;
    %load/vec4 v000001391fc20460_0;
    %dup/vec4;
    %pushi/vec4 0, 0, 3;
    %cmp/u;
    %jmp/1 T_0.23, 6;
    %dup/vec4;
    %pushi/vec4 7, 0, 3;
    %cmp/u;
    %jmp/1 T_0.24, 6;
    %dup/vec4;
    %pushi/vec4 6, 0, 3;
    %cmp/u;
    %jmp/1 T_0.25, 6;
    %dup/vec4;
    %pushi/vec4 4, 0, 3;
    %cmp/u;
    %jmp/1 T_0.26, 6;
    %dup/vec4;
    %pushi/vec4 2, 0, 3;
    %cmp/u;
    %jmp/1 T_0.27, 6;
    %dup/vec4;
    %pushi/vec4 3, 0, 3;
    %cmp/u;
    %jmp/1 T_0.28, 6;
    %dup/vec4;
    %pushi/vec4 1, 0, 3;
    %cmp/u;
    %jmp/1 T_0.29, 6;
    %dup/vec4;
    %pushi/vec4 5, 0, 3;
    %cmp/u;
    %jmp/1 T_0.30, 6;
    %jmp T_0.31;
T_0.23 ;
    %pushi/vec4 0, 0, 4;
    %store/vec4 v000001391fbd6d60_0, 0, 4;
    %jmp T_0.31;
T_0.24 ;
    %pushi/vec4 2, 0, 4;
    %store/vec4 v000001391fbd6d60_0, 0, 4;
    %jmp T_0.31;
T_0.25 ;
    %pushi/vec4 3, 0, 4;
    %store/vec4 v000001391fbd6d60_0, 0, 4;
    %jmp T_0.31;
T_0.26 ;
    %pushi/vec4 4, 0, 4;
    %store/vec4 v000001391fbd6d60_0, 0, 4;
    %jmp T_0.31;
T_0.27 ;
    %pushi/vec4 5, 0, 4;
    %store/vec4 v000001391fbd6d60_0, 0, 4;
    %jmp T_0.31;
T_0.28 ;
    %pushi/vec4 6, 0, 4;
    %store/vec4 v000001391fbd6d60_0, 0, 4;
    %jmp T_0.31;
T_0.29 ;
    %pushi/vec4 7, 0, 4;
    %store/vec4 v000001391fbd6d60_0, 0, 4;
    %jmp T_0.31;
T_0.30 ;
    %load/vec4 v000001391fc20500_0;
    %cmpi/e 32, 0, 7;
    %flag_mov 8, 4;
    %jmp/0 T_0.32, 8;
    %pushi/vec4 9, 0, 4;
    %jmp/1 T_0.33, 8;
T_0.32 ; End of true expr.
    %pushi/vec4 8, 0, 4;
    %jmp/0 T_0.33, 8;
 ; End of false expr.
    %blend;
T_0.33;
    %store/vec4 v000001391fbd6d60_0, 0, 4;
    %jmp T_0.31;
T_0.31 ;
    %pop/vec4 1;
    %jmp T_0.9;
T_0.2 ;
    %pushi/vec4 1, 0, 1;
    %store/vec4 v000001391fc98bf0_0, 0, 1;
    %pushi/vec4 0, 0, 3;
    %store/vec4 v000001391fc205a0_0, 0, 3;
    %pushi/vec4 0, 0, 1;
    %store/vec4 v000001391fbd7130_0, 0, 1;
    %pushi/vec4 1, 0, 1;
    %store/vec4 v000001391fc1e9b0_0, 0, 1;
    %pushi/vec4 0, 0, 4;
    %store/vec4 v000001391fbd6d60_0, 0, 4;
    %pushi/vec4 0, 0, 2;
    %store/vec4 v000001391fc999b0_0, 0, 2;
    %jmp T_0.9;
T_0.3 ;
    %pushi/vec4 1, 0, 3;
    %store/vec4 v000001391fc205a0_0, 0, 3;
    %pushi/vec4 0, 0, 1;
    %store/vec4 v000001391fbd7130_0, 0, 1;
    %pushi/vec4 1, 0, 1;
    %store/vec4 v000001391fc1e9b0_0, 0, 1;
    %pushi/vec4 0, 0, 4;
    %store/vec4 v000001391fbd6d60_0, 0, 4;
    %pushi/vec4 1, 0, 1;
    %store/vec4 v000001391fc206e0_0, 0, 1;
    %jmp T_0.9;
T_0.4 ;
    %pushi/vec4 2, 0, 3;
    %store/vec4 v000001391fc205a0_0, 0, 3;
    %pushi/vec4 1, 0, 1;
    %store/vec4 v000001391fbd7130_0, 0, 1;
    %pushi/vec4 1, 0, 1;
    %store/vec4 v000001391fc1e9b0_0, 0, 1;
    %pushi/vec4 0, 0, 4;
    %store/vec4 v000001391fbd6d60_0, 0, 4;
    %load/vec4 v000001391fc20460_0;
    %dup/vec4;
    %pushi/vec4 0, 0, 3;
    %cmp/u;
    %jmp/1 T_0.34, 6;
    %dup/vec4;
    %pushi/vec4 1, 0, 3;
    %cmp/u;
    %jmp/1 T_0.35, 6;
    %dup/vec4;
    %pushi/vec4 4, 0, 3;
    %cmp/u;
    %jmp/1 T_0.36, 6;
    %dup/vec4;
    %pushi/vec4 5, 0, 3;
    %cmp/u;
    %jmp/1 T_0.37, 6;
    %dup/vec4;
    %pushi/vec4 6, 0, 3;
    %cmp/u;
    %jmp/1 T_0.38, 6;
    %dup/vec4;
    %pushi/vec4 7, 0, 3;
    %cmp/u;
    %jmp/1 T_0.39, 6;
    %jmp T_0.40;
T_0.34 ;
    %load/vec4 v000001391fc1ea50_0;
    %store/vec4 v000001391fc994b0_0, 0, 1;
    %jmp T_0.40;
T_0.35 ;
    %load/vec4 v000001391fc1ea50_0;
    %inv;
    %store/vec4 v000001391fc994b0_0, 0, 1;
    %jmp T_0.40;
T_0.36 ;
    %load/vec4 v000001391fc20320_0;
    %store/vec4 v000001391fc994b0_0, 0, 1;
    %jmp T_0.40;
T_0.37 ;
    %load/vec4 v000001391fc1ea50_0;
    %load/vec4 v000001391fc20320_0;
    %inv;
    %or;
    %store/vec4 v000001391fc994b0_0, 0, 1;
    %jmp T_0.40;
T_0.38 ;
    %pushi/vec4 1, 0, 1;
    %store/vec4 v000001391fc203c0_0, 0, 1;
    %load/vec4 v000001391fc20320_0;
    %store/vec4 v000001391fc994b0_0, 0, 1;
    %jmp T_0.40;
T_0.39 ;
    %pushi/vec4 1, 0, 1;
    %store/vec4 v000001391fc203c0_0, 0, 1;
    %load/vec4 v000001391fc1ea50_0;
    %load/vec4 v000001391fc20320_0;
    %inv;
    %or;
    %store/vec4 v000001391fc994b0_0, 0, 1;
    %jmp T_0.40;
T_0.40 ;
    %pop/vec4 1;
    %jmp T_0.9;
T_0.5 ;
    %pushi/vec4 1, 0, 1;
    %store/vec4 v000001391fc98bf0_0, 0, 1;
    %pushi/vec4 4, 0, 3;
    %store/vec4 v000001391fc205a0_0, 0, 3;
    %pushi/vec4 1, 0, 1;
    %store/vec4 v000001391fbd7130_0, 0, 1;
    %pushi/vec4 1, 0, 1;
    %store/vec4 v000001391fc1e9b0_0, 0, 1;
    %pushi/vec4 0, 0, 4;
    %store/vec4 v000001391fbd6d60_0, 0, 4;
    %pushi/vec4 2, 0, 2;
    %store/vec4 v000001391fc999b0_0, 0, 2;
    %pushi/vec4 1, 0, 1;
    %store/vec4 v000001391fc994b0_0, 0, 1;
    %jmp T_0.9;
T_0.6 ;
    %pushi/vec4 1, 0, 1;
    %store/vec4 v000001391fc98bf0_0, 0, 1;
    %pushi/vec4 0, 0, 3;
    %store/vec4 v000001391fc205a0_0, 0, 3;
    %pushi/vec4 0, 0, 1;
    %store/vec4 v000001391fbd7130_0, 0, 1;
    %pushi/vec4 1, 0, 1;
    %store/vec4 v000001391fc1e9b0_0, 0, 1;
    %pushi/vec4 0, 0, 4;
    %store/vec4 v000001391fbd6d60_0, 0, 4;
    %pushi/vec4 2, 0, 2;
    %store/vec4 v000001391fc999b0_0, 0, 2;
    %pushi/vec4 1, 0, 1;
    %store/vec4 v000001391fc994b0_0, 0, 1;
    %jmp T_0.9;
T_0.7 ;
    %pushi/vec4 1, 0, 1;
    %store/vec4 v000001391fc98bf0_0, 0, 1;
    %pushi/vec4 3, 0, 3;
    %store/vec4 v000001391fc205a0_0, 0, 3;
    %pushi/vec4 0, 0, 1;
    %store/vec4 v000001391fbd7130_0, 0, 1;
    %pushi/vec4 1, 0, 1;
    %store/vec4 v000001391fc1e9b0_0, 0, 1;
    %pushi/vec4 0, 0, 4;
    %store/vec4 v000001391fbd6d60_0, 0, 4;
    %pushi/vec4 1, 0, 2;
    %store/vec4 v000001391fc999b0_0, 0, 2;
    %jmp T_0.9;
T_0.8 ;
    %pushi/vec4 1, 0, 1;
    %store/vec4 v000001391fc98bf0_0, 0, 1;
    %pushi/vec4 3, 0, 3;
    %store/vec4 v000001391fc205a0_0, 0, 3;
    %pushi/vec4 1, 0, 1;
    %store/vec4 v000001391fbd7130_0, 0, 1;
    %pushi/vec4 1, 0, 1;
    %store/vec4 v000001391fc1e9b0_0, 0, 1;
    %pushi/vec4 0, 0, 4;
    %store/vec4 v000001391fbd6d60_0, 0, 4;
    %pushi/vec4 1, 0, 2;
    %store/vec4 v000001391fc999b0_0, 0, 2;
    %jmp T_0.9;
T_0.9 ;
    %pop/vec4 1;
    %jmp T_0;
    .thread T_0, $push;
    .scope S_000001391fc23e60;
T_1 ;
    %vpi_call 2 35 "$dumpfile", "control_unit_tb.vcd" {0 0 0};
    %vpi_call 2 36 "$dumpvars", 32'sb00000000000000000000000000000000, S_000001391fc23e60 {0 0 0};
    %pushi/vec4 0, 0, 1;
    %store/vec4 v000001391fc98b50_0, 0, 1;
    %pushi/vec4 0, 0, 1;
    %store/vec4 v000001391fc99230_0, 0, 1;
    %pushi/vec4 2130355, 0, 32;
    %store/vec4 v000001391fc98f10_0, 0, 32;
    %delay 10000, 0;
    %vpi_call 2 45 "$display", "ADD  -> pc_sel=%b imm_sel=%b reg_wen=%b br_un=%b b_sel=%b a_sel=%b alu_sel=%b mem_rw=%b wb_sel=%b", v000001391fc98c90_0, v000001391fc98d30_0, v000001391fc990f0_0, v000001391fc99190_0, v000001391fc98dd0_0, v000001391fc99050_0, v000001391fc98e70_0, v000001391fc99550_0, v000001391fc98fb0_0 {0 0 0};
    %pushi/vec4 1075872179, 0, 32;
    %store/vec4 v000001391fc98f10_0, 0, 32;
    %delay 10000, 0;
    %vpi_call 2 51 "$display", "SUB  -> pc_sel=%b imm_sel=%b reg_wen=%b br_un=%b b_sel=%b a_sel=%b alu_sel=%b mem_rw=%b wb_sel=%b", v000001391fc98c90_0, v000001391fc98d30_0, v000001391fc990f0_0, v000001391fc99190_0, v000001391fc98dd0_0, v000001391fc99050_0, v000001391fc98e70_0, v000001391fc99550_0, v000001391fc98fb0_0 {0 0 0};
    %pushi/vec4 5243027, 0, 32;
    %store/vec4 v000001391fc98f10_0, 0, 32;
    %delay 10000, 0;
    %vpi_call 2 57 "$display", "ADDI -> pc_sel=%b imm_sel=%b reg_wen=%b br_un=%b b_sel=%b a_sel=%b alu_sel=%b mem_rw=%b wb_sel=%b", v000001391fc98c90_0, v000001391fc98d30_0, v000001391fc990f0_0, v000001391fc99190_0, v000001391fc98dd0_0, v000001391fc99050_0, v000001391fc98e70_0, v000001391fc99550_0, v000001391fc98fb0_0 {0 0 0};
    %pushi/vec4 41219, 0, 32;
    %store/vec4 v000001391fc98f10_0, 0, 32;
    %delay 10000, 0;
    %vpi_call 2 63 "$display", "LW   -> pc_sel=%b imm_sel=%b reg_wen=%b br_un=%b b_sel=%b a_sel=%b alu_sel=%b mem_rw=%b wb_sel=%b", v000001391fc98c90_0, v000001391fc98d30_0, v000001391fc990f0_0, v000001391fc99190_0, v000001391fc98dd0_0, v000001391fc99050_0, v000001391fc98e70_0, v000001391fc99550_0, v000001391fc98fb0_0 {0 0 0};
    %pushi/vec4 2138659, 0, 32;
    %store/vec4 v000001391fc98f10_0, 0, 32;
    %delay 10000, 0;
    %vpi_call 2 69 "$display", "SW   -> pc_sel=%b imm_sel=%b reg_wen=%b br_un=%b b_sel=%b a_sel=%b alu_sel=%b mem_rw=%b wb_sel=%b", v000001391fc98c90_0, v000001391fc98d30_0, v000001391fc990f0_0, v000001391fc99190_0, v000001391fc98dd0_0, v000001391fc99050_0, v000001391fc98e70_0, v000001391fc99550_0, v000001391fc98fb0_0 {0 0 0};
    %pushi/vec4 2131043, 0, 32;
    %store/vec4 v000001391fc98f10_0, 0, 32;
    %pushi/vec4 0, 0, 1;
    %store/vec4 v000001391fc98b50_0, 0, 1;
    %pushi/vec4 0, 0, 1;
    %store/vec4 v000001391fc99230_0, 0, 1;
    %delay 10000, 0;
    %vpi_call 2 77 "$display", "BEQ false -> pc_sel=%b imm_sel=%b reg_wen=%b", v000001391fc98c90_0, v000001391fc98d30_0, v000001391fc990f0_0 {0 0 0};
    %pushi/vec4 1, 0, 1;
    %store/vec4 v000001391fc98b50_0, 0, 1;
    %delay 10000, 0;
    %vpi_call 2 82 "$display", "BEQ true  -> pc_sel=%b imm_sel=%b reg_wen=%b", v000001391fc98c90_0, v000001391fc98d30_0, v000001391fc990f0_0 {0 0 0};
    %pushi/vec4 16777327, 0, 32;
    %store/vec4 v000001391fc98f10_0, 0, 32;
    %pushi/vec4 0, 0, 1;
    %store/vec4 v000001391fc98b50_0, 0, 1;
    %pushi/vec4 0, 0, 1;
    %store/vec4 v000001391fc99230_0, 0, 1;
    %delay 10000, 0;
    %vpi_call 2 89 "$display", "JAL  -> pc_sel=%b imm_sel=%b reg_wen=%b wb_sel=%b", v000001391fc98c90_0, v000001391fc98d30_0, v000001391fc990f0_0, v000001391fc98fb0_0 {0 0 0};
    %pushi/vec4 32871, 0, 32;
    %store/vec4 v000001391fc98f10_0, 0, 32;
    %delay 10000, 0;
    %vpi_call 2 95 "$display", "JALR -> pc_sel=%b imm_sel=%b reg_wen=%b wb_sel=%b", v000001391fc98c90_0, v000001391fc98d30_0, v000001391fc990f0_0, v000001391fc98fb0_0 {0 0 0};
    %vpi_call 2 98 "$finish" {0 0 0};
    %end;
    .thread T_1;
# The file index is used to find the file name in the following table.
:file_names 4;
    "N/A";
    "<interactive>";
    "control_unit_tb.v";
    "control_unit.v";
