#! /c/Source/iverilog-install/bin/vvp
:ivl_version "12.0 (devel)" "(s20150603-1539-g2693dd32b)";
:ivl_delay_selection "TYPICAL";
:vpi_time_precision - 12;
:vpi_module "C:\iverilog\lib\ivl\system.vpi";
:vpi_module "C:\iverilog\lib\ivl\vhdl_sys.vpi";
:vpi_module "C:\iverilog\lib\ivl\vhdl_textio.vpi";
:vpi_module "C:\iverilog\lib\ivl\v2005_math.vpi";
:vpi_module "C:\iverilog\lib\ivl\va_math.vpi";
S_0000026fec69ac60 .scope module, "dmem_tb" "dmem_tb" 2 3;
 .timescale -9 -12;
v0000026fec6e16f0_0 .var "addr", 31 0;
v0000026fec6e1790_0 .var "clk", 0 0;
v0000026fec6e1830_0 .net "rdata", 31 0, L_0000026fec6e35c0;  1 drivers
v0000026fec6e18d0_0 .var "wdata", 31 0;
v0000026fec6e2180_0 .var "we", 0 0;
S_0000026fec696960 .scope module, "dut" "dmem" 2 11, 3 1 0, S_0000026fec69ac60;
 .timescale 0 0;
    .port_info 0 /INPUT 1 "clk";
    .port_info 1 /INPUT 1 "we";
    .port_info 2 /INPUT 32 "addr";
    .port_info 3 /INPUT 32 "wdata";
    .port_info 4 /OUTPUT 32 "rdata";
L_0000026fec6e35c0 .functor BUFZ 32, L_0000026fec6e2220, C4<00000000000000000000000000000000>, C4<00000000000000000000000000000000>, C4<00000000000000000000000000000000>;
v0000026fec696fa0_0 .net *"_ivl_0", 31 0, L_0000026fec6e2220;  1 drivers
v0000026fec69adf0_0 .net *"_ivl_3", 29 0, L_0000026fec6e2630;  1 drivers
v0000026fec699160_0 .net "addr", 31 0, v0000026fec6e16f0_0;  1 drivers
v0000026fec699200_0 .net "clk", 0 0, v0000026fec6e1790_0;  1 drivers
v0000026fec696af0 .array "mem", 255 0, 31 0;
v0000026fec696b90_0 .net "rdata", 31 0, L_0000026fec6e35c0;  alias, 1 drivers
v0000026fec696c30_0 .net "wdata", 31 0, v0000026fec6e18d0_0;  1 drivers
v0000026fec696cd0_0 .net "we", 0 0, v0000026fec6e2180_0;  1 drivers
E_0000026fec6e9430 .event posedge, v0000026fec699200_0;
L_0000026fec6e2220 .array/port v0000026fec696af0, L_0000026fec6e2630;
L_0000026fec6e2630 .part v0000026fec6e16f0_0, 2, 30;
    .scope S_0000026fec696960;
T_0 ;
    %wait E_0000026fec6e9430;
    %load/vec4 v0000026fec696cd0_0;
    %flag_set/vec4 8;
    %jmp/0xz  T_0.0, 8;
    %load/vec4 v0000026fec696c30_0;
    %load/vec4 v0000026fec699160_0;
    %parti/s 30, 2, 3;
    %ix/vec4 3;
    %ix/load 4, 0, 0; Constant delay
    %assign/vec4/a/d v0000026fec696af0, 0, 4;
T_0.0 ;
    %jmp T_0;
    .thread T_0;
    .scope S_0000026fec69ac60;
T_1 ;
    %pushi/vec4 0, 0, 1;
    %store/vec4 v0000026fec6e1790_0, 0, 1;
T_1.0 ;
    %delay 5000, 0;
    %load/vec4 v0000026fec6e1790_0;
    %inv;
    %store/vec4 v0000026fec6e1790_0, 0, 1;
    %jmp T_1.0;
    %end;
    .thread T_1;
    .scope S_0000026fec69ac60;
T_2 ;
    %vpi_call 2 26 "$dumpfile", "dmem_tb.vcd" {0 0 0};
    %vpi_call 2 27 "$dumpvars", 32'sb00000000000000000000000000000000, S_0000026fec69ac60 {0 0 0};
    %pushi/vec4 0, 0, 1;
    %store/vec4 v0000026fec6e2180_0, 0, 1;
    %pushi/vec4 0, 0, 32;
    %store/vec4 v0000026fec6e16f0_0, 0, 32;
    %pushi/vec4 0, 0, 32;
    %store/vec4 v0000026fec6e18d0_0, 0, 32;
    %delay 10000, 0;
    %pushi/vec4 1, 0, 1;
    %store/vec4 v0000026fec6e2180_0, 0, 1;
    %pushi/vec4 0, 0, 32;
    %store/vec4 v0000026fec6e16f0_0, 0, 32;
    %pushi/vec4 25, 0, 32;
    %store/vec4 v0000026fec6e18d0_0, 0, 32;
    %delay 10000, 0;
    %pushi/vec4 0, 0, 1;
    %store/vec4 v0000026fec6e2180_0, 0, 1;
    %pushi/vec4 0, 0, 32;
    %store/vec4 v0000026fec6e16f0_0, 0, 32;
    %delay 10000, 0;
    %vpi_call 2 45 "$display", "addr=%h -> rdata=%d", v0000026fec6e16f0_0, v0000026fec6e1830_0 {0 0 0};
    %pushi/vec4 1, 0, 1;
    %store/vec4 v0000026fec6e2180_0, 0, 1;
    %pushi/vec4 4, 0, 32;
    %store/vec4 v0000026fec6e16f0_0, 0, 32;
    %pushi/vec4 99, 0, 32;
    %store/vec4 v0000026fec6e18d0_0, 0, 32;
    %delay 10000, 0;
    %pushi/vec4 0, 0, 1;
    %store/vec4 v0000026fec6e2180_0, 0, 1;
    %pushi/vec4 4, 0, 32;
    %store/vec4 v0000026fec6e16f0_0, 0, 32;
    %delay 10000, 0;
    %vpi_call 2 57 "$display", "addr=%h -> rdata=%d", v0000026fec6e16f0_0, v0000026fec6e1830_0 {0 0 0};
    %vpi_call 2 59 "$finish" {0 0 0};
    %end;
    .thread T_2;
# The file index is used to find the file name in the following table.
:file_names 4;
    "N/A";
    "<interactive>";
    "dmem_tb.v";
    "dmem.v";
