#! /c/Source/iverilog-install/bin/vvp
:ivl_version "12.0 (devel)" "(s20150603-1539-g2693dd32b)";
:ivl_delay_selection "TYPICAL";
:vpi_time_precision - 12;
:vpi_module "C:\iverilog\lib\ivl\system.vpi";
:vpi_module "C:\iverilog\lib\ivl\vhdl_sys.vpi";
:vpi_module "C:\iverilog\lib\ivl\vhdl_textio.vpi";
:vpi_module "C:\iverilog\lib\ivl\v2005_math.vpi";
:vpi_module "C:\iverilog\lib\ivl\va_math.vpi";
S_0000029e85fcddf0 .scope module, "imm_gen_tb" "imm_gen_tb" 2 3;
 .timescale -9 -12;
v0000029e85f7b9d0_0 .net "imm", 31 0, v0000029e85fcdb60_0;  1 drivers
v0000029e85f7a990_0 .var "imm_sel", 2 0;
v0000029e85f7aa30_0 .var "instr", 31 0;
S_0000029e85f7a800 .scope module, "dut" "imm_gen" 2 9, 3 1 0, S_0000029e85fcddf0;
 .timescale 0 0;
    .port_info 0 /INPUT 32 "instr";
    .port_info 1 /INPUT 3 "imm_sel";
    .port_info 2 /OUTPUT 32 "imm";
v0000029e85fcdb60_0 .var "imm", 31 0;
v0000029e85f77110_0 .net "imm_sel", 2 0, v0000029e85f7a990_0;  1 drivers
v0000029e85f7bf20_0 .net "instr", 31 0, v0000029e85f7aa30_0;  1 drivers
E_0000029e85f781e0 .event anyedge, v0000029e85f77110_0, v0000029e85f7bf20_0;
    .scope S_0000029e85f7a800;
T_0 ;
    %wait E_0000029e85f781e0;
    %load/vec4 v0000029e85f77110_0;
    %dup/vec4;
    %pushi/vec4 0, 0, 3;
    %cmp/u;
    %jmp/1 T_0.0, 6;
    %dup/vec4;
    %pushi/vec4 1, 0, 3;
    %cmp/u;
    %jmp/1 T_0.1, 6;
    %dup/vec4;
    %pushi/vec4 2, 0, 3;
    %cmp/u;
    %jmp/1 T_0.2, 6;
    %dup/vec4;
    %pushi/vec4 3, 0, 3;
    %cmp/u;
    %jmp/1 T_0.3, 6;
    %dup/vec4;
    %pushi/vec4 4, 0, 3;
    %cmp/u;
    %jmp/1 T_0.4, 6;
    %pushi/vec4 0, 0, 32;
    %store/vec4 v0000029e85fcdb60_0, 0, 32;
    %jmp T_0.6;
T_0.0 ;
    %load/vec4 v0000029e85f7bf20_0;
    %parti/s 1, 31, 6;
    %replicate 20;
    %load/vec4 v0000029e85f7bf20_0;
    %parti/s 12, 20, 6;
    %concat/vec4; draw_concat_vec4
    %store/vec4 v0000029e85fcdb60_0, 0, 32;
    %jmp T_0.6;
T_0.1 ;
    %load/vec4 v0000029e85f7bf20_0;
    %parti/s 1, 31, 6;
    %replicate 20;
    %load/vec4 v0000029e85f7bf20_0;
    %parti/s 7, 25, 6;
    %concat/vec4; draw_concat_vec4
    %load/vec4 v0000029e85f7bf20_0;
    %parti/s 5, 7, 4;
    %concat/vec4; draw_concat_vec4
    %store/vec4 v0000029e85fcdb60_0, 0, 32;
    %jmp T_0.6;
T_0.2 ;
    %load/vec4 v0000029e85f7bf20_0;
    %parti/s 1, 31, 6;
    %replicate 19;
    %load/vec4 v0000029e85f7bf20_0;
    %parti/s 1, 31, 6;
    %concat/vec4; draw_concat_vec4
    %load/vec4 v0000029e85f7bf20_0;
    %parti/s 1, 7, 4;
    %concat/vec4; draw_concat_vec4
    %load/vec4 v0000029e85f7bf20_0;
    %parti/s 6, 25, 6;
    %concat/vec4; draw_concat_vec4
    %load/vec4 v0000029e85f7bf20_0;
    %parti/s 4, 8, 5;
    %concat/vec4; draw_concat_vec4
    %concati/vec4 0, 0, 1;
    %store/vec4 v0000029e85fcdb60_0, 0, 32;
    %jmp T_0.6;
T_0.3 ;
    %load/vec4 v0000029e85f7bf20_0;
    %parti/s 20, 12, 5;
    %concati/vec4 0, 0, 12;
    %store/vec4 v0000029e85fcdb60_0, 0, 32;
    %jmp T_0.6;
T_0.4 ;
    %load/vec4 v0000029e85f7bf20_0;
    %parti/s 1, 31, 6;
    %replicate 11;
    %load/vec4 v0000029e85f7bf20_0;
    %parti/s 1, 31, 6;
    %concat/vec4; draw_concat_vec4
    %load/vec4 v0000029e85f7bf20_0;
    %parti/s 8, 12, 5;
    %concat/vec4; draw_concat_vec4
    %load/vec4 v0000029e85f7bf20_0;
    %parti/s 1, 20, 6;
    %concat/vec4; draw_concat_vec4
    %load/vec4 v0000029e85f7bf20_0;
    %parti/s 10, 21, 6;
    %concat/vec4; draw_concat_vec4
    %concati/vec4 0, 0, 1;
    %store/vec4 v0000029e85fcdb60_0, 0, 32;
    %jmp T_0.6;
T_0.6 ;
    %pop/vec4 1;
    %jmp T_0;
    .thread T_0, $push;
    .scope S_0000029e85fcddf0;
T_1 ;
    %vpi_call 2 16 "$dumpfile", "imm_gen_tb.vcd" {0 0 0};
    %vpi_call 2 17 "$dumpvars", 32'sb00000000000000000000000000000000, S_0000029e85fcddf0 {0 0 0};
    %pushi/vec4 5243027, 0, 32;
    %store/vec4 v0000029e85f7aa30_0, 0, 32;
    %pushi/vec4 0, 0, 3;
    %store/vec4 v0000029e85f7a990_0, 0, 3;
    %delay 10000, 0;
    %load/vec4 v0000029e85f7b9d0_0;
    %vpi_call 2 23 "$display", "I-type : instr=%h -> imm=%0d", v0000029e85f7aa30_0, S<0,vec4,s32> {1 0 0};
    %pushi/vec4 2138659, 0, 32;
    %store/vec4 v0000029e85f7aa30_0, 0, 32;
    %pushi/vec4 1, 0, 3;
    %store/vec4 v0000029e85f7a990_0, 0, 3;
    %delay 10000, 0;
    %load/vec4 v0000029e85f7b9d0_0;
    %vpi_call 2 29 "$display", "S-type : instr=%h -> imm=%0d", v0000029e85f7aa30_0, S<0,vec4,s32> {1 0 0};
    %pushi/vec4 2131043, 0, 32;
    %store/vec4 v0000029e85f7aa30_0, 0, 32;
    %pushi/vec4 2, 0, 3;
    %store/vec4 v0000029e85f7a990_0, 0, 3;
    %delay 10000, 0;
    %load/vec4 v0000029e85f7b9d0_0;
    %vpi_call 2 35 "$display", "B-type : instr=%h -> imm=%0d", v0000029e85f7aa30_0, S<0,vec4,s32> {1 0 0};
    %pushi/vec4 305418935, 0, 32;
    %store/vec4 v0000029e85f7aa30_0, 0, 32;
    %pushi/vec4 3, 0, 3;
    %store/vec4 v0000029e85f7a990_0, 0, 3;
    %delay 10000, 0;
    %load/vec4 v0000029e85f7b9d0_0;
    %vpi_call 2 41 "$display", "U-type : instr=%h -> imm=%0d (0x%h)", v0000029e85f7aa30_0, S<0,vec4,s32>, v0000029e85f7b9d0_0 {1 0 0};
    %pushi/vec4 16777327, 0, 32;
    %store/vec4 v0000029e85f7aa30_0, 0, 32;
    %pushi/vec4 4, 0, 3;
    %store/vec4 v0000029e85f7a990_0, 0, 3;
    %delay 10000, 0;
    %load/vec4 v0000029e85f7b9d0_0;
    %vpi_call 2 47 "$display", "J-type : instr=%h -> imm=%0d", v0000029e85f7aa30_0, S<0,vec4,s32> {1 0 0};
    %vpi_call 2 49 "$finish" {0 0 0};
    %end;
    .thread T_1;
# The file index is used to find the file name in the following table.
:file_names 4;
    "N/A";
    "<interactive>";
    "imm_gen_tb.v";
    "imm_gen.v";
